
 ANSYS Mechanical Enterprise                       


 *------------------------------------------------------------------*
 |                                                                  |
 |   W E L C O M E   T O   T H E   A N S Y S (R)  P R O G R A M     |
 |                                                                  |
 *------------------------------------------------------------------*




 ***************************************************************
 *            ANSYS 2019 R1          LEGAL NOTICES             *
 ***************************************************************
 *                                                             *
 * Copyright 1971-2018 ANSYS, Inc.  All rights reserved.       *
 * Unauthorized use, distribution or duplication is            *
 * prohibited.                                                 *
 *                                                             *
 * Ansys is a registered trademark of ANSYS, Inc. or its       *
 * subsidiaries in the United States or other countries.       *
 * See the ANSYS, Inc. online documentation or the ANSYS, Inc. *
 * documentation CD or online help for the complete Legal      *
 * Notice.                                                     *
 *                                                             *
 ***************************************************************
 *                                                             *
 * THIS ANSYS SOFTWARE PRODUCT AND PROGRAM DOCUMENTATION       *
 * INCLUDE TRADE SECRETS AND CONFIDENTIAL AND PROPRIETARY      *
 * PRODUCTS OF ANSYS, INC., ITS SUBSIDIARIES, OR LICENSORS.    *
 * The software products and documentation are furnished by    *
 * ANSYS, Inc. or its subsidiaries under a software license    *
 * agreement that contains provisions concerning               *
 * non-disclosure, copying, length and nature of use,          *
 * compliance with exporting laws, warranties, disclaimers,    *
 * limitations of liability, and remedies, and other           *
 * provisions.  The software products and documentation may be *
 * used, disclosed, transferred, or copied only in accordance  *
 * with the terms and conditions of that software license      *
 * agreement.                                                  *
 *                                                             *
 * ANSYS, Inc. is a UL registered                              *
 * ISO 9001:2015 company.                                      *
 *                                                             *
 ***************************************************************
 *                                                             *
 * This product is subject to U.S. laws governing export and   *
 * re-export.                                                  *
 *                                                             *
 * For U.S. Government users, except as specifically granted   *
 * by the ANSYS, Inc. software license agreement, the use,     *
 * duplication, or disclosure by the United States Government  *
 * is subject to restrictions stated in the ANSYS, Inc.        *
 * software license agreement and FAR 12.212 (for non-DOD      *
 * licenses).                                                  *
 *                                                             *
 ***************************************************************

 2019 R1 
     
 Point Releases and Patches installed:   
     
 ANSYS, Inc. Products 2019 R1
 SpaceClaim 2019 R1  
 AIM 2019 R1 
 Live (includes SpaceClaim) 2019 R1  
 Autodyn 2019 R1 
 LS-DYNA 2019 R1 
 CFD-Post only 2019 R1   
 CFX (includes CFD-Post) 2019 R1 
 Chemkin 2019 R1 
 EnSight 2019 R1 
 FENSAP-ICE 2019 R1  
 Fluent (includes CFD-Post) 2019 R1  
 Forte 2019 R1   
 Polyflow (includes CFD-Post) 2019 R1
 TurboGrid 2019 R1   
 ICEM CFD 2019 R1
 Aqwa 2019 R1
 Customization Files for User Programmable Features 2019 R1  
 Mechanical Products 2019 R1 
 Icepak (includes CFD-Post) 2019 R1  
 Remote Solve Manager Standalone Services 2019 R1
 Viewer 2019 R1  
 ACIS Geometry Interface 2019 R1 
 AutoCAD Geometry Interface 2019 R1  
 Catia, Version 4 Geometry Interface 2019 R1 
 Catia, Version 5 Geometry Interface 2019 R1 
 Catia, Version 6 Geometry Interface 2019 R1 
 Creo Elements/Direct Modeling Geometry Interface 2019 R1
 Creo Parametric Geometry Interface 2019 R1  
 Inventor Geometry Interface 2019 R1 
 JTOpen Geometry Interface 2019 R1   
 NX Geometry Interface 2019 R1   
 Parasolid Geometry Interface  2019 R1   
 Solid Edge Geometry Interface 2019 R1   
 SOLIDWORKS Geometry Interface 2019 R1   
 ANSYS, Inc. License Manager 2019 R1 


          *****  ANSYS COMMAND LINE ARGUMENTS  *****
  BATCH MODE REQUESTED (-b)    = LIST
  INPUT FILE COPY MODE (-c)    = COPY
  SHARED MEMORY PARALLEL REQUESTED
    SINGLE PROCESS WITH SINGLE THREAD REQUESTED
    TOTAL OF     1 CORES REQUESTED
  INPUT FILE NAME              = C:\Users\Francisco\Dropbox\StiffMa\Code\Verification\ANSYS_vrst2\StiffMavansys.mac
  OUTPUT FILE NAME             = C:\Users\Francisco\Dropbox\StiffMa\Code\Verification\ANSYS_vrst2\StiffMavansys.out

 RELEASE= 2019 R1              BUILD= 19.3      UP20181204   VERSION=WINDOWS x64 
 CURRENT JOBNAME=file  17:08:04  APR 23, 2020 CP=      0.234

     1  /NOPR   
     2  /FILNAME,STIFFNESS_VEC  
     3  /TITLE,STIFFNESS_VEC
     4  /PREP7  
     5  ET,1,SOLID5 
     6  KEYOPT,1,1,2
     7  KEYOPT,1,3,1
     8  KEYOPT,1,5,0
     9  MP,EX,1,1   
    10  MP,PRXY,1,3.000000E-01  
    11  N,1,0.000000E+00,0.000000E+00,0.000000E+00  
    12  N,2,0.000000E+00,1.000000E+00,0.000000E+00  
    13  N,3,0.000000E+00,1.000000E+00,1.000000E+00  
    14  N,4,0.000000E+00,0.000000E+00,1.000000E+00  
    15  N,5,0.000000E+00,5.000000E-01,0.000000E+00  
    16  N,6,0.000000E+00,1.000000E+00,5.000000E-01  
    17  N,7,0.000000E+00,5.000000E-01,1.000000E+00  
    18  N,8,0.000000E+00,0.000000E+00,5.000000E-01  
    19  N,9,0.000000E+00,5.000000E-01,5.000000E-01  
    20  N,10,1.000000E+00,0.000000E+00,0.000000E+00 
    21  N,11,1.000000E+00,1.500000E+00,0.000000E+00 
    22  N,12,1.000000E+00,1.500000E+00,1.500000E+00 
    23  N,13,1.000000E+00,0.000000E+00,1.500000E+00 
    24  N,14,1.000000E+00,7.500000E-01,0.000000E+00 
    25  N,15,1.000000E+00,1.500000E+00,7.500000E-01 
    26  N,16,1.000000E+00,7.500000E-01,1.500000E+00 
    27  N,17,1.000000E+00,0.000000E+00,7.500000E-01 
    28  N,18,1.000000E+00,7.500000E-01,7.500000E-01 
    29  N,19,2.000000E+00,0.000000E+00,0.000000E+00 
    30  N,20,2.000000E+00,2.000000E+00,0.000000E+00 
    31  N,21,2.000000E+00,2.000000E+00,2.000000E+00 
    32  N,22,2.000000E+00,0.000000E+00,2.000000E+00 
    33  N,23,2.000000E+00,1.000000E+00,0.000000E+00 
    34  N,24,2.000000E+00,2.000000E+00,1.000000E+00 
    35  N,25,2.000000E+00,1.000000E+00,2.000000E+00 
    36  N,26,2.000000E+00,0.000000E+00,1.000000E+00 
    37  N,27,2.000000E+00,1.000000E+00,1.000000E+00 
    38  NWRITE  
    39  E,1,5,9,8,10,14,18,17   
    40  E,5,2,6,9,14,11,15,18   
    41  E,9,6,3,7,18,15,12,16   
    42  E,8,9,7,4,17,18,16,13   
    43  E,10,14,18,17,19,23,27,26   
    44  E,14,11,15,18,23,20,24,27   
    45  E,18,15,12,16,27,24,21,25   
    46  E,17,18,16,13,26,27,25,22   
    47  EWRITE  
    48  FINISH  
    49  /SOL
    50  EMATWRITE,YES   
    51  WRFULL,1
    52  SOLVE   
    53  FINISH  
    54  /AUX2   
    55  FILE,'STIFFNESS_VEC','full',' ' 
    56  HBMAT,'STIFF_ANSYS','hb',' ',ASCII,STIFF,NO,YES 
    57  FINISH  
    58  *SMAT,STIFFMAT,D,IMPORT,FULL,'STIFFNESS_VEC.full',STIFF 
    59  *EXPORT,STIFFMAT,MMF,'STIFF_ANSYS.mmf'  
    60  *DMAT,KE1,D,IMPORT,EMAT,'STIFFNESS_VEC.emat',STIFF,1
    61  *EXPORT,KE1,MMF,'KE1.dat'   
    62  *DMAT,KE2,D,IMPORT,EMAT,'STIFFNESS_VEC.emat',STIFF,2
    63  *EXPORT,KE2,MMF,'KE2.dat'   
    64  *DMAT,KE3,D,IMPORT,EMAT,'STIFFNESS_VEC.emat',STIFF,3
    65  *EXPORT,KE3,MMF,'KE3.dat'   
    66  *DMAT,KE4,D,IMPORT,EMAT,'STIFFNESS_VEC.emat',STIFF,4
    67  *EXPORT,KE4,MMF,'KE4.dat'   
    68  *DMAT,KE5,D,IMPORT,EMAT,'STIFFNESS_VEC.emat',STIFF,5
    69  *EXPORT,KE5,MMF,'KE5.dat'   
    70  *DMAT,KE6,D,IMPORT,EMAT,'STIFFNESS_VEC.emat',STIFF,6
    71  *EXPORT,KE6,MMF,'KE6.dat'   
    72  *DMAT,KE7,D,IMPORT,EMAT,'STIFFNESS_VEC.emat',STIFF,7
    73  *EXPORT,KE7,MMF,'KE7.dat'   
    74  *DMAT,KE8,D,IMPORT,EMAT,'STIFFNESS_VEC.emat',STIFF,8
    75  *EXPORT,KE8,MMF,'KE8.dat'   
    76  FINISH  
    77  /GO 

 RUN SETUP PROCEDURE FROM FILE= C:\Program Files\ANSYS Inc\v193\ANSYS\apdl\start.ans

 /INPUT FILE= C:\Program Files\ANSYS Inc\v193\ANSYS\apdl\start.ans  LINE=       0

 CURRENT JOBNAME REDEFINED AS STIFFNESS_VEC

 *** ANSYS - ENGINEERING ANALYSIS SYSTEM  RELEASE 2019 R1          19.3     ***
 ANSYS Mechanical Enterprise                       
 20120530  VERSION=WINDOWS x64   17:08:04  APR 23, 2020 CP=      0.328

 STIFFNESS_VEC                                                                 



          ***** ANSYS ANALYSIS DEFINITION (PREP7) *****


 ***** ROUTINE COMPLETED *****  CP =         0.328



 *****  ANSYS SOLUTION ROUTINE  *****

 *****  ANSYS SOLVE    COMMAND  *****

 *** ANSYS - ENGINEERING ANALYSIS SYSTEM  RELEASE 2019 R1          19.3     ***
 ANSYS Mechanical Enterprise                       
 20120530  VERSION=WINDOWS x64   17:08:04  APR 23, 2020 CP=      0.328

 STIFFNESS_VEC                                                                 



 *** WARNING ***                         CP =       0.328   TIME= 17:08:04
 No constraints have been defined using the D command.                   

 SOLUTION MONITORING INFO IS WRITTEN TO FILE= STIFFNESS_VEC.mntr                                                                                                                                                                                                                                                  


 Range of element maximum matrix coefficients in global coordinates
 Maximum = 0.43914708 at element 7.                                      
 Minimum = 0.225249288 at element 1.                                     

   *** ELEMENT MATRIX FORMULATION TIMES
     TYPE    NUMBER   ENAME      TOTAL CP  AVE CP

        1         8  SOLID5        0.000   0.000000
 Time at end of element matrix formulation CP = 0.34375.                 

 *** NOTE ***                            CP =       0.344   TIME= 17:08:04
 The requested load step, substep, and equilibrium iteration have been   
 reached and the FULL file has been written.  Skipping equation          
 solution and exiting the SOLVE command.                                 


 *** ANSYS BINARY FILE STATISTICS
  BUFFER SIZE USED= 16384
        0.062 MB WRITTEN ON ELEMENT MATRIX FILE: STIFFNESS_VEC.emat
        0.062 MB WRITTEN ON ELEMENT SAVED DATA FILE: STIFFNESS_VEC.esav
        0.062 MB WRITTEN ON ASSEMBLED MATRIX FILE: STIFFNESS_VEC.full
        0.000 MB WRITTEN ON RESULTS FILE: STIFFNESS_VEC.rst

 FINISH SOLUTION PROCESSING


 ***** ROUTINE COMPLETED *****  CP =         0.344



 *** ANSYS - ENGINEERING ANALYSIS SYSTEM  RELEASE 2019 R1          19.3     ***
 ANSYS Mechanical Enterprise                       
 20120530  VERSION=WINDOWS x64   17:08:04  APR 23, 2020 CP=      0.344

 STIFFNESS_VEC                                                                 



   ***** ANSYS BINARY FILE DUMP *****



               ***** AUX02 MATRIX DUMP UTILITY *****



 ***** ROUTINE COMPLETED *****  CP =         0.359



 ***** END OF INPUT ENCOUNTERED *****

 PURGE ALL SOLUTION AND POST DATA
 SAVE ALL MODEL DATA

 ALL CURRENT ANSYS DATA WRITTEN TO FILE NAME= STIFFNESS_VEC.db
  FOR POSSIBLE RESUME FROM THIS POINT


 NUMBER OF WARNING MESSAGES ENCOUNTERED=          1
 NUMBER OF ERROR   MESSAGES ENCOUNTERED=          0

+--------------------- A N S Y S   S T A T I S T I C S ------------------------+

Release: 2019 R1            Build: 19.3       Update: UP20181204   Platform: WINDOWS x64 
Date Run: 04/23/2020   Time: 17:08     Process ID: 208672
Operating System: Windows 10  (Build: 18363)

Processor Model:      Intel(R) Xeon(R) CPU E5-2687W v2 @ 3.40GHz

Compiler: Intel(R) FORTRAN Compiler Version 17.0.4  (Build: 20170411)
          Intel(R) C/C++ Compiler Version 17.0.4  (Build: 20170411)
          Intel(R) Math Kernel Library Version 2017.0.3 Product Build 20170413

Number of machines requested            :    1
Total number of cores available         :   32
Number of physical cores available      :   16
Number of processes requested           :    1
Number of threads per process requested :    1
Total number of cores requested         :    1 (Shared Memory Parallel)                    

GPU Acceleration: Not Requested

Job Name: STIFFNESS_VEC
Input File: StiffMavansys.mac
Working Directory: C:\Users\Francisco\Dropbox\StiffMa\Code\Verification\ANSYS_vrst2

Total CPU time for main thread                    :        0.5 seconds
Total CPU time summed for all threads             :        0.5 seconds

Elapsed time spent pre-processing model (/PREP7)  :        0.0 seconds
Elapsed time spent solution - preprocessing       :        0.0 seconds
Elapsed time spent computing solution             :        0.0 seconds
Elapsed time spent solution - postprocessing      :        0.0 seconds
Elapsed time spent post-processing model (/POST1) :        0.0 seconds
 
Equation solver used                              :            Sparse (symmetric)

Maximum total memory used                         :        7.0 MB
Maximum total memory allocated                    :     2112.0 MB
Total physical memory available                   :         96 GB

Total amount of I/O written to disk               :        0.0 GB
Total amount of I/O read from disk                :        0.0 GB

+------------------ E N D   A N S Y S   S T A T I S T I C S -------------------+


 *---------------------------------------------------------------------------*
 |                                                                           |
 |                            ANSYS RUN COMPLETED                            |
 |                                                                           |
 |---------------------------------------------------------------------------|
 |                                                                           |
 | Ansys 2019 R1               Build 19.3         UP20181204     WINDOWS x64 |
 |                                                                           |
 |---------------------------------------------------------------------------|
 |                                                                           |
 | Database Requested(-db)  1024 MB    Scratch Memory Requested      1024 MB |
 | Maximum Database Used       1 MB    Maximum Scratch Memory Used      6 MB |
 |                                                                           |
 |---------------------------------------------------------------------------|
 |                                                                           |
 |        CP Time      (sec) =          0.469       Time  =  17:08:04        |
 |        Elapsed Time (sec) =          2.000       Date  =  04/23/2020      |
 |                                                                           |
 *---------------------------------------------------------------------------*
